[INFO] Scanning for projects...
[INFO] 
[INFO] ------------------< com.creditapp:credit-application >------------------
[INFO] Building Credit Application Platform 1.0.0
[INFO] --------------------------------[ jar ]---------------------------------
[WARNING] The POM for junit:junit:jar:5.10.1 is missing, no dependency information available
[INFO] 
[INFO] --- jacoco-maven-plugin:0.8.11:prepare-agent (default) @ credit-application ---
[INFO] argLine set to -javaagent:C:\\Users\\veaceslav.radut\\.m2\\repository\\org\\jacoco\\org.jacoco.agent\\0.8.11\\org.jacoco.agent-0.8.11-runtime.jar=destfile=C:\\Users\\veaceslav.radut\\credit-application\\target\\jacoco.exec
[INFO] 
[INFO] --- maven-resources-plugin:3.3.1:resources (default-resources) @ credit-application ---
[INFO] Copying 5 resources from src\main\resources to target\classes
[INFO] Copying 32 resources from src\main\resources to target\classes
[INFO] 
[INFO] --- maven-compiler-plugin:3.11.0:compile (default-compile) @ credit-application ---
[INFO] Nothing to compile - all classes are up to date
[INFO] 
[INFO] --- maven-resources-plugin:3.3.1:testResources (default-testResources) @ credit-application ---
[INFO] Copying 2 resources from src\test\resources to target\test-classes
[INFO] 
[INFO] --- maven-compiler-plugin:3.11.0:testCompile (default-testCompile) @ credit-application ---
[INFO] Changes detected - recompiling the module! :source
[INFO] Compiling 77 source files with javac [debug release 17] to target\test-classes
[INFO] /C:/Users/veaceslav.radut/credit-application/src/test/java/com/creditapp/integration/borrower/ApplicationDocumentIntegrationTest.java: Some input files use unchecked or unsafe operations.
[INFO] /C:/Users/veaceslav.radut/credit-application/src/test/java/com/creditapp/integration/borrower/ApplicationDocumentIntegrationTest.java: Recompile with -Xlint:unchecked for details.
[INFO] -------------------------------------------------------------
[WARNING] COMPILATION WARNING : 
[INFO] -------------------------------------------------------------
[WARNING] unknown enum constant javax.annotation.meta.When.MAYBE
  reason: class file for javax.annotation.meta.When not found
[WARNING] unknown enum constant javax.annotation.meta.When.MAYBE
  reason: class file for javax.annotation.meta.When not found
[WARNING] unknown enum constant javax.annotation.meta.When.MAYBE
  reason: class file for javax.annotation.meta.When not found
[WARNING] unknown enum constant javax.annotation.meta.When.MAYBE
  reason: class file for javax.annotation.meta.When not found
[WARNING] unknown enum constant javax.annotation.meta.When.MAYBE
  reason: class file for javax.annotation.meta.When not found
[INFO] 5 warnings 
[INFO] -------------------------------------------------------------
[INFO] -------------------------------------------------------------
[ERROR] COMPILATION ERROR : 
[INFO] -------------------------------------------------------------
[ERROR] /C:/Users/veaceslav.radut/credit-application/src/test/java/com/creditapp/shared/service/DataDeletionServiceTest.java:[45,31] constructor DataDeletionService in class com.creditapp.shared.service.DataDeletionService cannot be applied to given types;
  required: com.creditapp.shared.repository.DeletionRequestRepository,com.creditapp.auth.repository.UserRepository,com.creditapp.shared.repository.GDPRConsentRepository,com.creditapp.shared.service.AuditService,com.creditapp.shared.service.DataDeletionEmailService,com.creditapp.shared.service.DataAnonymizationService
  found:    com.creditapp.shared.repository.DeletionRequestRepository,com.creditapp.auth.repository.UserRepository,com.creditapp.shared.repository.GDPRConsentRepository,com.creditapp.shared.service.AuditService,com.creditapp.shared.service.DataDeletionEmailService
  reason: actual and formal argument lists differ in length
[ERROR] /C:/Users/veaceslav.radut/credit-application/src/test/java/com/creditapp/shared/service/DataDeletionServiceTest.java:[62,13] cannot find symbol
  symbol:   method setName(java.lang.String)
  location: variable user of type com.creditapp.shared.model.User
[ERROR] /C:/Users/veaceslav.radut/credit-application/src/test/java/com/creditapp/shared/service/DataDeletionServiceTest.java:[75,65] cannot find symbol
  symbol:   method status()
  location: variable response of type com.creditapp.borrower.dto.DeletionRequestResponse
[ERROR] /C:/Users/veaceslav.radut/credit-application/src/test/java/com/creditapp/shared/service/DataDeletionServiceTest.java:[76,31] cannot find symbol
  symbol:   method confirmationLink()
  location: variable response of type com.creditapp.borrower.dto.DeletionRequestResponse
[ERROR] /C:/Users/veaceslav.radut/credit-application/src/test/java/com/creditapp/shared/service/DataDeletionServiceTest.java:[77,31] cannot find symbol
  symbol:   method expiresAt()
  location: variable response of type com.creditapp.borrower.dto.DeletionRequestResponse
[ERROR] /C:/Users/veaceslav.radut/credit-application/src/test/java/com/creditapp/shared/service/DataDeletionServiceTest.java:[90,16] cannot find symbol
  symbol:   method setTokenExpiresAt(java.time.LocalDateTime)
  location: variable request of type com.creditapp.shared.model.DeletionRequest
[ERROR] /C:/Users/veaceslav.radut/credit-application/src/test/java/com/creditapp/shared/service/DataDeletionServiceTest.java:[100,67] cannot find symbol
  symbol:   method status()
  location: variable response of type com.creditapp.borrower.dto.DeletionRequestResponse
[ERROR] /C:/Users/veaceslav.radut/credit-application/src/test/java/com/creditapp/shared/service/DataDeletionServiceTest.java:[121,67] cannot find symbol
  symbol:   method status()
  location: variable response of type com.creditapp.borrower.dto.DeletionRequestResponse
[ERROR] /C:/Users/veaceslav.radut/credit-application/src/test/java/com/creditapp/integration/borrower/DataDeletionIntegrationTest.java:[53,13] cannot find symbol
  symbol:   method setName(java.lang.String)
  location: variable user of type com.creditapp.shared.model.User
[ERROR] /C:/Users/veaceslav.radut/credit-application/src/test/java/com/creditapp/integration/borrower/DataDeletionIntegrationTest.java:[79,16] cannot find symbol
  symbol:   method setTokenExpiresAt(java.time.LocalDateTime)
  location: variable request of type com.creditapp.shared.model.DeletionRequest
[INFO] 10 errors 
[INFO] -------------------------------------------------------------
[INFO] ------------------------------------------------------------------------
[INFO] BUILD FAILURE
[INFO] ------------------------------------------------------------------------
[INFO] Total time:  14.502 s
[INFO] Finished at: 2026-01-19T21:19:12+02:00
[INFO] ------------------------------------------------------------------------
[ERROR] Failed to execute goal org.apache.maven.plugins:maven-compiler-plugin:3.11.0:testCompile (default-testCompile) on project credit-application: Compilation failure: Compilation failure: 
[ERROR] /C:/Users/veaceslav.radut/credit-application/src/test/java/com/creditapp/shared/service/DataDeletionServiceTest.java:[45,31] constructor DataDeletionService in class com.creditapp.shared.service.DataDeletionService cannot be applied to given types;
[ERROR]   required: com.creditapp.shared.repository.DeletionRequestRepository,com.creditapp.auth.repository.UserRepository,com.creditapp.shared.repository.GDPRConsentRepository,com.creditapp.shared.service.AuditService,com.creditapp.shared.service.DataDeletionEmailService,com.creditapp.shared.service.DataAnonymizationService
[ERROR]   found:    com.creditapp.shared.repository.DeletionRequestRepository,com.creditapp.auth.repository.UserRepository,com.creditapp.shared.repository.GDPRConsentRepository,com.creditapp.shared.service.AuditService,com.creditapp.shared.service.DataDeletionEmailService
[ERROR]   reason: actual and formal argument lists differ in length
[ERROR] /C:/Users/veaceslav.radut/credit-application/src/test/java/com/creditapp/shared/service/DataDeletionServiceTest.java:[62,13] cannot find symbol
[ERROR]   symbol:   method setName(java.lang.String)
[ERROR]   location: variable user of type com.creditapp.shared.model.User
[ERROR] /C:/Users/veaceslav.radut/credit-application/src/test/java/com/creditapp/shared/service/DataDeletionServiceTest.java:[75,65] cannot find symbol
[ERROR]   symbol:   method status()
[ERROR]   location: variable response of type com.creditapp.borrower.dto.DeletionRequestResponse
[ERROR] /C:/Users/veaceslav.radut/credit-application/src/test/java/com/creditapp/shared/service/DataDeletionServiceTest.java:[76,31] cannot find symbol
[ERROR]   symbol:   method confirmationLink()
[ERROR]   location: variable response of type com.creditapp.borrower.dto.DeletionRequestResponse
[ERROR] /C:/Users/veaceslav.radut/credit-application/src/test/java/com/creditapp/shared/service/DataDeletionServiceTest.java:[77,31] cannot find symbol
[ERROR]   symbol:   method expiresAt()
[ERROR]   location: variable response of type com.creditapp.borrower.dto.DeletionRequestResponse
[ERROR] /C:/Users/veaceslav.radut/credit-application/src/test/java/com/creditapp/shared/service/DataDeletionServiceTest.java:[90,16] cannot find symbol
[ERROR]   symbol:   method setTokenExpiresAt(java.time.LocalDateTime)
[ERROR]   location: variable request of type com.creditapp.shared.model.DeletionRequest
[ERROR] /C:/Users/veaceslav.radut/credit-application/src/test/java/com/creditapp/shared/service/DataDeletionServiceTest.java:[100,67] cannot find symbol
[ERROR]   symbol:   method status()
[ERROR]   location: variable response of type com.creditapp.borrower.dto.DeletionRequestResponse
[ERROR] /C:/Users/veaceslav.radut/credit-application/src/test/java/com/creditapp/shared/service/DataDeletionServiceTest.java:[121,67] cannot find symbol
[ERROR]   symbol:   method status()
[ERROR]   location: variable response of type com.creditapp.borrower.dto.DeletionRequestResponse
[ERROR] /C:/Users/veaceslav.radut/credit-application/src/test/java/com/creditapp/integration/borrower/DataDeletionIntegrationTest.java:[53,13] cannot find symbol
[ERROR]   symbol:   method setName(java.lang.String)
[ERROR]   location: variable user of type com.creditapp.shared.model.User
[ERROR] /C:/Users/veaceslav.radut/credit-application/src/test/java/com/creditapp/integration/borrower/DataDeletionIntegrationTest.java:[79,16] cannot find symbol
[ERROR]   symbol:   method setTokenExpiresAt(java.time.LocalDateTime)
[ERROR]   location: variable request of type com.creditapp.shared.model.DeletionRequest
[ERROR] -> [Help 1]
[ERROR] 
[ERROR] To see the full stack trace of the errors, re-run Maven with the -e switch.
[ERROR] Re-run Maven using the -X switch to enable full debug logging.
[ERROR] 
[ERROR] For more information about the errors and possible solutions, please read the following articles:
[ERROR] [Help 1] http://cwiki.apache.org/confluence/display/MAVEN/MojoFailureException
