[INFO] Scanning for projects...
[INFO] 
[INFO] ------------------< com.creditapp:credit-application >------------------
[INFO] Building Credit Application Platform 1.0.0
[INFO] --------------------------------[ jar ]---------------------------------
[WARNING] The POM for junit:junit:jar:5.10.1 is missing, no dependency information available
[INFO] 
[INFO] --- jacoco-maven-plugin:0.8.11:prepare-agent (default) @ credit-application ---
[INFO] argLine set to -javaagent:C:\\Users\\veaceslav.radut\\.m2\\repository\\org\\jacoco\\org.jacoco.agent\\0.8.11\\org.jacoco.agent-0.8.11-runtime.jar=destfile=C:\\Users\\veaceslav.radut\\credit-application\\target\\jacoco.exec
[INFO] 
[INFO] --- maven-resources-plugin:3.3.1:resources (default-resources) @ credit-application ---
[INFO] Copying 5 resources from src\main\resources to target\classes
[INFO] Copying 35 resources from src\main\resources to target\classes
[INFO] 
[INFO] --- maven-compiler-plugin:3.11.0:compile (default-compile) @ credit-application ---
[INFO] Nothing to compile - all classes are up to date
[INFO] 
[INFO] --- maven-resources-plugin:3.3.1:testResources (default-testResources) @ credit-application ---
[INFO] Copying 2 resources from src\test\resources to target\test-classes
[INFO] 
[INFO] --- maven-compiler-plugin:3.11.0:testCompile (default-testCompile) @ credit-application ---
[INFO] Changes detected - recompiling the module! :source
[INFO] Compiling 91 source files with javac [debug release 17] to target\test-classes
[WARNING] unknown enum constant javax.annotation.meta.When.MAYBE
  reason: class file for javax.annotation.meta.When not found
[WARNING] unknown enum constant javax.annotation.meta.When.MAYBE
  reason: class file for javax.annotation.meta.When not found
[WARNING] unknown enum constant javax.annotation.meta.When.MAYBE
  reason: class file for javax.annotation.meta.When not found
[WARNING] unknown enum constant javax.annotation.meta.When.MAYBE
  reason: class file for javax.annotation.meta.When not found
[WARNING] unknown enum constant javax.annotation.meta.When.MAYBE
  reason: class file for javax.annotation.meta.When not found
[INFO] /C:/Users/veaceslav.radut/credit-application/src/test/java/com/creditapp/integration/borrower/ApplicationDocumentIntegrationTest.java: Some input files use unchecked or unsafe operations.
[INFO] /C:/Users/veaceslav.radut/credit-application/src/test/java/com/creditapp/integration/borrower/ApplicationDocumentIntegrationTest.java: Recompile with -Xlint:unchecked for details.
[INFO] 
[INFO] --- maven-surefire-plugin:3.2.3:test (default-test) @ credit-application ---
[INFO] Using auto detected provider org.apache.maven.surefire.junitplatform.JUnitPlatformProvider
[INFO] 
[INFO] -------------------------------------------------------
[INFO]  T E S T S
[INFO] -------------------------------------------------------
[INFO] Running com.creditapp.integration.borrower.ApplicationRetrievalIntegrationTest
Standard Commons Logging discovery in action with spring-jcl: please remove commons-logging.jar from classpath in order to avoid potential conflicts
12:14:02.611 [main] INFO org.springframework.test.context.support.AnnotationConfigContextLoaderUtils -- Could not detect default configuration classes for test class [com.creditapp.integration.borrower.ApplicationRetrievalIntegrationTest]: ApplicationRetrievalIntegrationTest does not declare any static, non-private, non-final, nested classes annotated with @Configuration.
12:14:03.089 [main] INFO org.springframework.boot.test.context.SpringBootTestContextBootstrapper -- Found @SpringBootConfiguration com.creditapp.CreditApplicationApplication for test class com.creditapp.integration.borrower.ApplicationRetrievalIntegrationTest
12:14:02,183 |-INFO in ch.qos.logback.classic.LoggerContext[default] - This is logback-classic version 1.4.14
12:14:02,189 |-INFO in ch.qos.logback.classic.util.ContextInitializer@14a1769d - Here is a list of configurators discovered as a service, by rank: 
12:14:02,189 |-INFO in ch.qos.logback.classic.util.ContextInitializer@14a1769d -   org.springframework.boot.logging.logback.RootLogLevelConfigurator
12:14:02,189 |-INFO in ch.qos.logback.classic.util.ContextInitializer@14a1769d - They will be invoked in order until ExecutionStatus.DO_NOT_INVOKE_NEXT_IF_ANY is returned.
12:14:02,189 |-INFO in ch.qos.logback.classic.util.ContextInitializer@14a1769d - Constructed configurator of type class org.springframework.boot.logging.logback.RootLogLevelConfigurator
12:14:02,202 |-INFO in ch.qos.logback.classic.util.ContextInitializer@14a1769d - org.springframework.boot.logging.logback.RootLogLevelConfigurator.configure() call lasted 2 milliseconds. ExecutionStatus=INVOKE_NEXT_IF_ANY
12:14:02,202 |-INFO in ch.qos.logback.classic.util.ContextInitializer@14a1769d - Trying to configure with ch.qos.logback.classic.joran.SerializedModelConfigurator
12:14:02,203 |-INFO in ch.qos.logback.classic.util.ContextInitializer@14a1769d - Constructed configurator of type class ch.qos.logback.classic.joran.SerializedModelConfigurator
12:14:02,208 |-INFO in ch.qos.logback.classic.LoggerContext[default] - Could NOT find resource [logback-test.scmo]
12:14:02,209 |-INFO in ch.qos.logback.classic.LoggerContext[default] - Could NOT find resource [logback.scmo]
12:14:02,209 |-INFO in ch.qos.logback.classic.util.ContextInitializer@14a1769d - ch.qos.logback.classic.joran.SerializedModelConfigurator.configure() call lasted 6 milliseconds. ExecutionStatus=INVOKE_NEXT_IF_ANY
12:14:02,209 |-INFO in ch.qos.logback.classic.util.ContextInitializer@14a1769d - Trying to configure with ch.qos.logback.classic.util.DefaultJoranConfigurator
12:14:02,210 |-INFO in ch.qos.logback.classic.util.ContextInitializer@14a1769d - Constructed configurator of type class ch.qos.logback.classic.util.DefaultJoranConfigurator
12:14:02,211 |-INFO in ch.qos.logback.classic.LoggerContext[default] - Could NOT find resource [logback-test.xml]
12:14:02,211 |-INFO in ch.qos.logback.classic.LoggerContext[default] - Could NOT find resource [logback.xml]
12:14:02,211 |-INFO in ch.qos.logback.classic.util.ContextInitializer@14a1769d - ch.qos.logback.classic.util.DefaultJoranConfigurator.configure() call lasted 1 milliseconds. ExecutionStatus=INVOKE_NEXT_IF_ANY
12:14:02,211 |-INFO in ch.qos.logback.classic.util.ContextInitializer@14a1769d - Trying to configure with ch.qos.logback.classic.BasicConfigurator
12:14:02,213 |-INFO in ch.qos.logback.classic.util.ContextInitializer@14a1769d - Constructed configurator of type class ch.qos.logback.classic.BasicConfigurator
12:14:02,213 |-INFO in ch.qos.logback.classic.BasicConfigurator@10bf1ec9 - Setting up default configuration.
12:14:02,255 |-INFO in ch.qos.logback.classic.util.ContextInitializer@14a1769d - ch.qos.logback.classic.BasicConfigurator.configure() call lasted 42 milliseconds. ExecutionStatus=NEUTRAL
12:14:04,087 |-INFO in ch.qos.logback.core.joran.util.ConfigurationWatchListUtil@33751d49 - Adding [jar:file:/C:/Users/veaceslav.radut/.m2/repository/org/springframework/boot/spring-boot/3.2.1/spring-boot-3.2.1.jar!/org/springframework/boot/logging/logback/defaults.xml] to configuration watch list.
12:14:04,087 |-INFO in ch.qos.logback.core.joran.spi.ConfigurationWatchList@516195cf - URL [jar:file:/C:/Users/veaceslav.radut/.m2/repository/org/springframework/boot/spring-boot/3.2.1/spring-boot-3.2.1.jar!/org/springframework/boot/logging/logback/defaults.xml] is not of type file
12:14:04,090 |-INFO in ch.qos.logback.core.joran.action.ConversionRuleAction - registering conversion word clr with class [org.springframework.boot.logging.logback.ColorConverter]
12:14:04,090 |-INFO in ch.qos.logback.core.joran.action.ConversionRuleAction - registering conversion word correlationId with class [org.springframework.boot.logging.logback.CorrelationIdConverter]
12:14:04,090 |-INFO in ch.qos.logback.core.joran.action.ConversionRuleAction - registering conversion word wex with class [org.springframework.boot.logging.logback.WhitespaceThrowableProxyConverter]
12:14:04,090 |-INFO in ch.qos.logback.core.joran.action.ConversionRuleAction - registering conversion word wEx with class [org.springframework.boot.logging.logback.ExtendedWhitespaceThrowableProxyConverter]
12:14:04,139 |-INFO in ch.qos.logback.classic.model.processor.LoggerModelHandler - Setting level of logger [org.apache.catalina.startup.DigesterFactory] to ERROR
12:14:04,140 |-INFO in ch.qos.logback.classic.jul.LevelChangePropagator@4eeb14e0 - Propagating ERROR level on Logger[org.apache.catalina.startup.DigesterFactory] onto the JUL framework
12:14:04,140 |-INFO in ch.qos.logback.classic.model.processor.LoggerModelHandler - Setting level of logger [org.apache.catalina.util.LifecycleBase] to ERROR
12:14:04,140 |-INFO in ch.qos.logback.classic.jul.LevelChangePropagator@4eeb14e0 - Propagating ERROR level on Logger[org.apache.catalina.util.LifecycleBase] onto the JUL framework
12:14:04,140 |-INFO in ch.qos.logback.classic.model.processor.LoggerModelHandler - Setting level of logger [org.apache.coyote.http11.Http11NioProtocol] to WARN
12:14:04,140 |-INFO in ch.qos.logback.classic.jul.LevelChangePropagator@4eeb14e0 - Propagating WARN level on Logger[org.apache.coyote.http11.Http11NioProtocol] onto the JUL framework
12:14:04,140 |-INFO in ch.qos.logback.classic.model.processor.LoggerModelHandler - Setting level of logger [org.apache.sshd.common.util.SecurityUtils] to WARN
12:14:04,140 |-INFO in ch.qos.logback.classic.jul.LevelChangePropagator@4eeb14e0 - Propagating WARN level on Logger[org.apache.sshd.common.util.SecurityUtils] onto the JUL framework
12:14:04,142 |-INFO in ch.qos.logback.classic.model.processor.LoggerModelHandler - Setting level of logger [org.apache.tomcat.util.net.NioSelectorPool] to WARN
12:14:04,142 |-INFO in ch.qos.logback.classic.jul.LevelChangePropagator@4eeb14e0 - Propagating WARN level on Logger[org.apache.tomcat.util.net.NioSelectorPool] onto the JUL framework
12:14:04,142 |-INFO in ch.qos.logback.classic.model.processor.LoggerModelHandler - Setting level of logger [org.eclipse.jetty.util.component.AbstractLifeCycle] to ERROR
12:14:04,142 |-INFO in ch.qos.logback.classic.jul.LevelChangePropagator@4eeb14e0 - Propagating ERROR level on Logger[org.eclipse.jetty.util.component.AbstractLifeCycle] onto the JUL framework
12:14:04,142 |-INFO in ch.qos.logback.classic.model.processor.LoggerModelHandler - Setting level of logger [org.hibernate.validator.internal.util.Version] to WARN
12:14:04,142 |-INFO in ch.qos.logback.classic.jul.LevelChangePropagator@4eeb14e0 - Propagating WARN level on Logger[org.hibernate.validator.internal.util.Version] onto the JUL framework
12:14:04,142 |-INFO in ch.qos.logback.classic.model.processor.LoggerModelHandler - Setting level of logger [org.springframework.boot.actuate.endpoint.jmx] to WARN
12:14:04,142 |-INFO in ch.qos.logback.classic.jul.LevelChangePropagator@4eeb14e0 - Propagating WARN level on Logger[org.springframework.boot.actuate.endpoint.jmx] onto the JUL framework
12:14:04,142 |-WARN in ch.qos.logback.core.model.processor.AppenderModelHandler - Appender named [CONSOLE] not referenced. Skipping further processing.
12:14:04,142 |-WARN in ch.qos.logback.core.model.processor.AppenderModelHandler - Appender named [JSON] not referenced. Skipping further processing.
12:14:04,142 |-INFO in ch.qos.logback.core.model.processor.DefaultProcessor@26ca12a2 - End of configuration.
12:14:04,142 |-INFO in org.springframework.boot.logging.logback.SpringBootJoranConfigurator@3d4ecc67 - Registering current configuration as safe fallback point


  .   ____          _            __ _ _
 /\\ / ___'_ __ _ _(_)_ __  __ _ \ \ \ \
( ( )\___ | '_ | '_| | '_ \/ _` | \ \ \ \
 \\/  ___)| |_)| | | | | || (_| |  ) ) ) )
  '  |____| .__|_| |_|_| |_\__, | / / / /
 =========|_|==============|___/=/_/_/_/
 :: Spring Boot ::                (v3.2.1)

mvn : Java HotSpot(TM) 64-Bit Server VM warning: Sharing 
is only supported for boot loader classes because 
bootstrap classpath has been appended
At line:1 char:1
+ mvn test -Dtest=ApplicationRetrievalIntegrationTest 
2>&1 > test_outpu ...
+ ~~~~~~~~~~~~~~~~~~~~~~~~~~~~~~~~~~~~~~~~~~~~~~~~~~~~~~~~
~~~~~~~~~~~~~
    + CategoryInfo          : NotSpecified: (Java HotSpot 
   (TM...s been appended:String) [], RemoteException
    + FullyQualifiedErrorId : NativeCommandError
 

MockHttpServletRequest:
      HTTP Method = GET
      Request URI = /api/borrower/applications/0e46d42c-583c-40f6-8269-636dd1415db9/history
       Parameters = {page=[1], size=[2]}
          Headers = [Content-Type:"application/json;charset=UTF-8", Authorization:"Bearer eyJhbGciOiJIUzM4NCJ9.eyJzdWIiOiJhMDM1ZjcxMC1iMGYwLTQ4NjAtYjMzZC04ODI0Nzg3MGFhYjkiLCJlbWFpbCI6InJldHJpZXZlcl8zZWIwY2YzMy1lZjlhLTQ1M2YtOTUxNS1kYWE3ZDBjY2M5YmJAdGVzdC5jb20iLCJyb2xlIjoiQk9SUk9XRVIiLCJpYXQiOjE3Njg5MDQwNzAsImV4cCI6MTc2ODkwNDk3MH0.43uk33Fa7S_fBC76fv4JS_XIMIfWmXLE5LPAS9dv9RpUy3CKq84KlLzY5_mUs7j9"]
             Body = null
    Session Attrs = {}

Handler:
             Type = com.creditapp.borrower.controller.BorrowerApplicationController
           Method = com.creditapp.borrower.controller.BorrowerApplicationController#getApplicationHistory(UUID, int, int)

Async:
    Async started = false
     Async result = null

Resolved Exception:
             Type = jakarta.servlet.ServletException

ModelAndView:
        View name = null
             View = null
            Model = null

FlashMap:
       Attributes = null

MockHttpServletResponse:
           Status = 500
    Error message = null
          Headers = [Vary:"Origin", "Access-Control-Request-Method", "Access-Control-Request-Headers", Content-Type:"application/json", X-Content-Type-Options:"nosniff", X-XSS-Protection:"0", Cache-Control:"no-cache, no-store, max-age=0, must-revalidate", Pragma:"no-cache", Expires:"0", X-Frame-Options:"DENY"]
     Content type = application/json
             Body = {"path":"/api/borrower/applications/0e46d42c-583c-40f6-8269-636dd1415db9/history","error":"Internal Server Error","message":"An unexpected error occurred","timestamp":"2026-01-20T12:14:30.271005"}
    Forwarded URL = null
   Redirected URL = null
          Cookies = []

MockHttpServletRequest:
      HTTP Method = GET
      Request URI = /api/borrower/applications/79149b2d-7df1-43b3-86e6-2f1182e53c97/history
       Parameters = {page=[0], size=[2]}
          Headers = [Content-Type:"application/json;charset=UTF-8", Authorization:"Bearer eyJhbGciOiJIUzM4NCJ9.eyJzdWIiOiJkYTY5ZWU0NC1iMzg1LTQzMTUtOTgwZS1jOTdjZDVjZjcwYmQiLCJlbWFpbCI6InJldHJpZXZlcl81YmIxNzljNC1lN2Y5LTQyYjItYWIwNC05N2ZhYTE3ZTU4NmZAdGVzdC5jb20iLCJyb2xlIjoiQk9SUk9XRVIiLCJpYXQiOjE3Njg5MDQwNzAsImV4cCI6MTc2ODkwNDk3MH0.ms8nzMfoi-B3Uf2WcQIlsyfCKZ7swrT6wKc_Y0HJ6uQgDRTTfpQiUSgUZTJeTRbq"]
             Body = null
    Session Attrs = {}

Handler:
             Type = com.creditapp.borrower.controller.BorrowerApplicationController
           Method = com.creditapp.borrower.controller.BorrowerApplicationController#getApplicationHistory(UUID, int, int)

Async:
    Async started = false
     Async result = null

Resolved Exception:
             Type = jakarta.servlet.ServletException

ModelAndView:
        View name = null
             View = null
            Model = null

FlashMap:
       Attributes = null

MockHttpServletResponse:
           Status = 500
    Error message = null
          Headers = [Vary:"Origin", "Access-Control-Request-Method", "Access-Control-Request-Headers", Content-Type:"application/json", X-Content-Type-Options:"nosniff", X-XSS-Protection:"0", Cache-Control:"no-cache, no-store, max-age=0, must-revalidate", Pragma:"no-cache", Expires:"0", X-Frame-Options:"DENY"]
     Content type = application/json
             Body = {"path":"/api/borrower/applications/79149b2d-7df1-43b3-86e6-2f1182e53c97/history","error":"Internal Server Error","message":"An unexpected error occurred","timestamp":"2026-01-20T12:14:30.744796"}
    Forwarded URL = null
   Redirected URL = null
          Cookies = []
[ERROR] Tests run: 12, Failures: 2, Errors: 0, Skipped: 0, Time elapsed: 28.81 s <<< FAILURE! -- in com.creditapp.integration.borrower.ApplicationRetrievalIntegrationTest
[ERROR] com.creditapp.integration.borrower.ApplicationRetrievalIntegrationTest.testRetrieveApplicationHistory_SecondPage_ShouldReturnCorrectData -- Time elapsed: 0.043 s <<< FAILURE!
java.lang.AssertionError: Status expected:<200> but was:<500>
	at org.springframework.test.util.AssertionErrors.fail(AssertionErrors.java:59)
	at org.springframework.test.util.AssertionErrors.assertEquals(AssertionErrors.java:122)
	at org.springframework.test.web.servlet.result.StatusResultMatchers.lambda$matcher$9(StatusResultMatchers.java:637)
	at org.springframework.test.web.servlet.MockMvc$1.andExpect(MockMvc.java:214)
	at com.creditapp.integration.borrower.ApplicationRetrievalIntegrationTest.testRetrieveApplicationHistory_SecondPage_ShouldReturnCorrectData(ApplicationRetrievalIntegrationTest.java:180)
	at java.base/java.lang.reflect.Method.invoke(Method.java:568)
	at java.base/java.util.ArrayList.forEach(ArrayList.java:1511)
	at java.base/java.util.ArrayList.forEach(ArrayList.java:1511)

[ERROR] com.creditapp.integration.borrower.ApplicationRetrievalIntegrationTest.testRetrieveApplicationHistory_WithPagination_ShouldReturn200WithPageData -- Time elapsed: 0.051 s <<< FAILURE!
java.lang.AssertionError: Status expected:<200> but was:<500>
	at org.springframework.test.util.AssertionErrors.fail(AssertionErrors.java:59)
	at org.springframework.test.util.AssertionErrors.assertEquals(AssertionErrors.java:122)
	at org.springframework.test.web.servlet.result.StatusResultMatchers.lambda$matcher$9(StatusResultMatchers.java:637)
	at org.springframework.test.web.servlet.MockMvc$1.andExpect(MockMvc.java:214)
	at com.creditapp.integration.borrower.ApplicationRetrievalIntegrationTest.testRetrieveApplicationHistory_WithPagination_ShouldReturn200WithPageData(ApplicationRetrievalIntegrationTest.java:166)
	at java.base/java.lang.reflect.Method.invoke(Method.java:568)
	at java.base/java.util.ArrayList.forEach(ArrayList.java:1511)
	at java.base/java.util.ArrayList.forEach(ArrayList.java:1511)

[INFO] 
[INFO] Results:
[INFO] 
[ERROR] Failures: 
[ERROR]   ApplicationRetrievalIntegrationTest.testRetrieveApplicationHistory_SecondPage_ShouldReturnCorrectData:180 Status expected:<200> but was:<500>
[ERROR]   ApplicationRetrievalIntegrationTest.testRetrieveApplicationHistory_WithPagination_ShouldReturn200WithPageData:166 Status expected:<200> but was:<500>
[INFO] 
[ERROR] Tests run: 12, Failures: 2, Errors: 0, Skipped: 0
[INFO] 
[INFO] ------------------------------------------------------------------------
[INFO] BUILD FAILURE
[INFO] ------------------------------------------------------------------------
[INFO] Total time:  40.057 s
[INFO] Finished at: 2026-01-20T12:14:31+02:00
[INFO] ------------------------------------------------------------------------
[ERROR] Failed to execute goal org.apache.maven.plugins:maven-surefire-plugin:3.2.3:test (default-test) on project credit-application: There are test failures.
[ERROR] 
[ERROR] Please refer to C:\Users\veaceslav.radut\credit-application\target\surefire-reports for the individual test results.
[ERROR] Please refer to dump files (if any exist) [date].dump, [date]-jvmRun[N].dump and [date].dumpstream.
[ERROR] -> [Help 1]
[ERROR] 
[ERROR] To see the full stack trace of the errors, re-run Maven with the -e switch.
[ERROR] Re-run Maven using the -X switch to enable full debug logging.
[ERROR] 
[ERROR] For more information about the errors and possible solutions, please read the following articles:
[ERROR] [Help 1] http://cwiki.apache.org/confluence/display/MAVEN/MojoFailureException
